exports[`test renders correctly 1`] = `
<div
  className="user-head">
  <img
    alt="Foo"
    src="Bar" />
  <span>
    Foo
  </span>
</div>
`;
